# Nested graph fixture

## Summary

- **Blocks at the top level**: 3
- **Connections at the top level**: 2
- **Subgraphs, all depths**: 2
- **Schedulers**: gr::scheduler::Simple

## Definition metadata

| Key | Value |
| --- | --- |
| block_type | "qa::doc_fixture" |
| plugin_author | "GNU Radio" |
| plugin_license | "MIT" |
| plugin_name | "Doc Tools Fixture" |
| plugin_version | "1" |

## Blocks

| Name | Type | Kind | Unique name | Parameters | Meta information |
| --- | --- | --- | --- | --- | --- |
| source | qa::RampSource | block | source_1 | n_samples: 4096<br>name: "source" |  |
| front_end | SUBGRAPH | subgraph |  |  |  |
| sink | qa::RecordingSink | block |  | name: "sink"<br>[context fast @ 0] buffer_size: 512 | role: "terminal" |

## Connections

| From | Port | To | Port | Minimum buffer |
| --- | --- | --- | --- | --- |
| source_1 | 0 | front_end | 0 |  |
| front_end | 0 | sink | 0 | 4096 |

## Diagram

```mermaid
flowchart LR
    gb0["source<br/>qa::RampSource"]
    gb1[["front_end<br/>SUBGRAPH"]]
    gb2["sink<br/>qa::RecordingSink"]
    gb0 -- "0 to 0" --> gb1
    gb1 -- "0 to 0" --> gb2
```

## Other keys

| Key | Value |
| --- | --- |
| graph_version | 1 |

<a id="subgraph-front-end"></a>

## Subgraph: front_end

- **Type**: SUBGRAPH
- **Scheduler**: none, the parent schedules its blocks
- **Blocks**: 2
- **Connections**: 1

### Exported ports

| Exported as | Direction | Inner block | Inner port |
| --- | --- | --- | --- |
| in | INPUT | pre_gain | in |
| out | OUTPUT | inner_chain | out |

### Blocks

| Name | Type | Kind | Unique name | Parameters | Meta information |
| --- | --- | --- | --- | --- | --- |
| pre_gain | qa::Scale | block |  | enabled: true<br>gain: 2.000000<br>label: "front"<br>name: "pre_gain" |  |
| inner_chain | SUBGRAPH | subgraph, scheduler gr::scheduler::Simple |  | name: "inner_chain" |  |

### Connections

| From | Port | To | Port | Minimum buffer |
| --- | --- | --- | --- | --- |
| pre_gain | out | inner_chain | in |  |

### Diagram

```mermaid
flowchart LR
    gs1b0["pre_gain<br/>qa::Scale"]
    gs1b1[["inner_chain<br/>SUBGRAPH"]]
    gs1b0 -- "out to in" --> gs1b1
```

<a id="subgraph-front-end-inner-chain"></a>

### Subgraph: front_end / inner_chain

- **Type**: SUBGRAPH
- **Scheduler**: gr::scheduler::Simple
- **Blocks**: 2
- **Connections**: 1

#### Exported ports

| Exported as | Direction | Inner block | Inner port |
| --- | --- | --- | --- |
| in | INPUT | fine_gain | in |
| out | OUTPUT | combiner | out |

#### Blocks

| Name | Type | Kind | Unique name | Parameters | Meta information |
| --- | --- | --- | --- | --- | --- |
| fine_gain | qa::Scale | block |  | gain: 0.500000<br>name: "fine_gain" |  |
| combiner | qa::SumInputs | block |  | n_inputs: 2<br>name: "combiner" |  |

#### Connections

| From | Port | To | Port | Minimum buffer |
| --- | --- | --- | --- | --- |
| fine_gain | out | combiner | 0.0 |  |

#### Diagram

```mermaid
flowchart LR
    gs1s1b0["fine_gain<br/>qa::Scale"]
    gs1s1b1["combiner<br/>qa::SumInputs"]
    gs1s1b0 -- "out to 0.0" --> gs1s1b1
```
